../Core/Src/ST7920_SERIAL.c:44:6:SendByteSPI	24	static
../Core/Src/ST7920_SERIAL.c:65:6:ST7920_SendCmd	16	static
../Core/Src/ST7920_SERIAL.c:79:6:ST7920_SendData	16	static
../Core/Src/ST7920_SERIAL.c:92:6:ST7920_SendString	24	static
../Core/Src/ST7920_SERIAL.c:125:6:ST7920_GraphicMode	16	static
../Core/Src/ST7920_SERIAL.c:146:6:ST7920_DrawBitmap	24	static
../Core/Src/ST7920_SERIAL.c:177:6:ST7920_Update	8	static
../Core/Src/ST7920_SERIAL.c:184:6:ST7920_Clear	16	static
../Core/Src/ST7920_SERIAL.c:217:6:ST7920_Init	8	static
../Core/Src/ST7920_SERIAL.c:254:6:SetPixel	24	static
../Core/Src/ST7920_SERIAL.c:265:6:ClearPixel	24	static
../Core/Src/ST7920_SERIAL.c:280:6:DrawLine	48	static
../Core/Src/ST7920_SERIAL.c:314:6:DrawRectangle	24	static
../Core/Src/ST7920_SERIAL.c:348:6:DrawFilledRectangle	32	static
../Core/Src/ST7920_SERIAL.c:383:6:DrawCircle	40	static
../Core/Src/ST7920_SERIAL.c:422:6:DrawFilledCircle	40	static
../Core/Src/ST7920_SERIAL.c:457:6:DrawTriangle	24	static
../Core/Src/ST7920_SERIAL.c:468:6:DrawFilledTriangle	56	static
../Core/Src/ST7920_SERIAL.c:557:6:SendstringGLCD	24	static
